------------------------------------------------------------
Timing Analyzer Summary
------------------------------------------------------------

Type  : Slow 1100mV 85C Model Setup 'clk'
Slack : -10.212
TNS   : -12327.585

Type  : Slow 1100mV 85C Model Hold 'clk'
Slack : 0.721
TNS   : 0.000

Type  : Slow 1100mV 85C Model Minimum Pulse Width 'clk'
Slack : -2.174
TNS   : -1636.448

Type  : Slow 1100mV 0C Model Setup 'clk'
Slack : -10.005
TNS   : -12048.028

Type  : Slow 1100mV 0C Model Hold 'clk'
Slack : 0.713
TNS   : 0.000

Type  : Slow 1100mV 0C Model Minimum Pulse Width 'clk'
Slack : -2.174
TNS   : -1704.720

Type  : Fast 1100mV 85C Model Setup 'clk'
Slack : -6.003
TNS   : -7017.616

Type  : Fast 1100mV 85C Model Hold 'clk'
Slack : 0.431
TNS   : 0.000

Type  : Fast 1100mV 85C Model Minimum Pulse Width 'clk'
Slack : -2.174
TNS   : -1917.091

Type  : Fast 1100mV 0C Model Setup 'clk'
Slack : -5.344
TNS   : -6232.321

Type  : Fast 1100mV 0C Model Hold 'clk'
Slack : 0.421
TNS   : 0.000

Type  : Fast 1100mV 0C Model Minimum Pulse Width 'clk'
Slack : -2.174
TNS   : -2028.708

------------------------------------------------------------
