------------------------------------------------------------
Timing Analyzer Summary
------------------------------------------------------------

Type  : Slow 1100mV 85C Model Setup 'clk'
Slack : -16.950
TNS   : -36593.447

Type  : Slow 1100mV 85C Model Hold 'clk'
Slack : 0.708
TNS   : 0.000

Type  : Slow 1100mV 85C Model Minimum Pulse Width 'clk'
Slack : -0.551
TNS   : -2159.356

Type  : Slow 1100mV 0C Model Setup 'clk'
Slack : -16.639
TNS   : -35699.988

Type  : Slow 1100mV 0C Model Hold 'clk'
Slack : 0.696
TNS   : 0.000

Type  : Slow 1100mV 0C Model Minimum Pulse Width 'clk'
Slack : -0.517
TNS   : -2076.118

Type  : Fast 1100mV 85C Model Setup 'clk'
Slack : -10.387
TNS   : -21907.382

Type  : Fast 1100mV 85C Model Hold 'clk'
Slack : 0.393
TNS   : 0.000

Type  : Fast 1100mV 85C Model Minimum Pulse Width 'clk'
Slack : -0.653
TNS   : -2188.886

Type  : Fast 1100mV 0C Model Setup 'clk'
Slack : -9.155
TNS   : -19335.150

Type  : Fast 1100mV 0C Model Hold 'clk'
Slack : 0.369
TNS   : 0.000

Type  : Fast 1100mV 0C Model Minimum Pulse Width 'clk'
Slack : -0.669
TNS   : -2290.377

------------------------------------------------------------
